src/app/calendar/page.tsx(347,79): error TS1005: ',' expected.
src/app/calendar/page.tsx(347,83): error TS1005: ',' expected.
src/app/calendar/page.tsx(347,88): error TS1005: ':' expected.
src/app/calendar/page.tsx(355,79): error TS1005: ',' expected.
src/app/calendar/page.tsx(355,83): error TS1005: ',' expected.
src/app/calendar/page.tsx(355,88): error TS1005: ':' expected.
src/app/clubs/[id]/page.tsx(15,17): error TS1005: '}' expected.
src/app/clubs/[id]/page.tsx(17,17): error TS1005: '}' expected.
src/app/clubs/[id]/page.tsx(18,21): error TS1005: '}' expected.
src/app/clubs/[id]/page.tsx(19,43): error TS1005: '}' expected.
src/app/clubs/[id]/page.tsx(70,13): error TS1381: Unexpected token. Did you mean `{'}'}` or `&rbrace;`?
src/app/clubs/[id]/page.tsx(72,30): error TS1005: '}' expected.
src/app/clubs/[id]/page.tsx(76,13): error TS1381: Unexpected token. Did you mean `{'}'}` or `&rbrace;`?
src/app/clubs/[id]/page.tsx(78,31): error TS1005: '}' expected.
src/app/clubs/[id]/page.tsx(81,13): error TS1381: Unexpected token. Did you mean `{'}'}` or `&rbrace;`?
src/app/clubs/[id]/page.tsx(82,11): error TS1381: Unexpected token. Did you mean `{'}'}` or `&rbrace;`?
src/app/clubs/[id]/page.tsx(83,9): error TS1381: Unexpected token. Did you mean `{'}'}` or `&rbrace;`?
src/app/clubs/[id]/page.tsx(84,7): error TS1381: Unexpected token. Did you mean `{'}'}` or `&rbrace;`?
src/app/clubs/[id]/page.tsx(88,36): error TS1005: '}' expected.
src/app/clubs/[id]/page.tsx(89,9): error TS1381: Unexpected token. Did you mean `{'}'}` or `&rbrace;`?
src/app/clubs/[id]/page.tsx(91,23): error TS1005: '}' expected.
src/app/clubs/[id]/page.tsx(92,9): error TS1381: Unexpected token. Did you mean `{'}'}` or `&rbrace;`?
src/app/clubs/[id]/page.tsx(94,28): error TS1005: '}' expected.
src/app/clubs/[id]/page.tsx(95,9): error TS1381: Unexpected token. Did you mean `{'}'}` or `&rbrace;`?
src/app/clubs/[id]/page.tsx(129,99): error TS1005: ',' expected.
src/app/clubs/[id]/page.tsx(129,103): error TS1005: ',' expected.
src/app/clubs/[id]/page.tsx(129,108): error TS1005: ':' expected.
src/app/clubs/[id]/page.tsx(136,87): error TS1005: ',' expected.
src/app/clubs/[id]/page.tsx(136,91): error TS1005: ',' expected.
src/app/clubs/[id]/page.tsx(136,96): error TS1005: ':' expected.
src/app/dashboard/page.tsx(37,120): error TS1005: ',' expected.
src/app/dashboard/page.tsx(37,124): error TS1005: ',' expected.
src/app/dashboard/page.tsx(37,129): error TS1005: ':' expected.
src/app/dashboard/page.tsx(252,120): error TS1005: ',' expected.
src/app/dashboard/page.tsx(252,124): error TS1005: ',' expected.
src/app/dashboard/page.tsx(252,129): error TS1005: ':' expected.
